EN giaima_if_ins NULL D:/TT_HDL/BAI_304_GIAIMA_24H_2ICHE/GIAIMA_IF_INS.vhd sub00/vhpl00 1536755277
AR giaima_case_ins behavioral D:/TT_HDL/BAI_304_GIAIMA_24H_2ICHE/GIAIMA_CASE_INS.vhd sub00/vhpl04 1536755280
EN giaima_case_ins NULL D:/TT_HDL/BAI_304_GIAIMA_24H_2ICHE/GIAIMA_CASE_INS.vhd sub00/vhpl03 1536755279
EN giaima_24h_2ic NULL D:/TT_HDL/BAI_304_GIAIMA_24H_2ICHE/GIAIMA_24H_2IC.vhd sub00/vhpl02 1536755281
AR giaima_if_ins behavioral D:/TT_HDL/BAI_304_GIAIMA_24H_2ICHE/GIAIMA_IF_INS.vhd sub00/vhpl01 1536755278
AR giaima_24h_2ic behavioral D:/TT_HDL/BAI_304_GIAIMA_24H_2ICHE/GIAIMA_24H_2IC.vhd sub00/vhpl05 1536755282
