V3 14
FL D:/TAI_LIEU_HOC/HKVII/TT_HDL/BAI_302_GIAIMA_24H_2IC/GIAIMA_24H_2IC.vhd 2018/09/06.08:59:45 P.20131013
FL D:/TAI_LIEU_HOC/HKVII/TT_HDL/BAI_302_GIAIMA_24H_2IC/GIAIMA_CASE_INS.vhd 2018/09/06.08:56:39 P.20131013
FL D:/TAI_LIEU_HOC/HKVII/TT_HDL/BAI_302_GIAIMA_24H_2IC/GIAIMA_IF_INS.vhd 2018/09/06.08:58:11 P.20131013
FL D:/TT_HDL/BAI_304_GIAIMA_24H_2ICHE/GIAIMA_24H_2IC.vhd 2018/09/12.19:22:22 P.20131013
EN work/GIAIMA_24H_2IC 1536755281 \
      FL D:/TT_HDL/BAI_304_GIAIMA_24H_2ICHE/GIAIMA_24H_2IC.vhd \
      PB ieee/std_logic_1164 1381692176
AR work/GIAIMA_24H_2IC/Behavioral 1536755282 \
      FL D:/TT_HDL/BAI_304_GIAIMA_24H_2ICHE/GIAIMA_24H_2IC.vhd \
      EN work/GIAIMA_24H_2IC 1536755281 CP work/GIAIMA_IF_INS \
      CP work/GIAIMA_CASE_INS
FL D:/TT_HDL/BAI_304_GIAIMA_24H_2ICHE/GIAIMA_CASE_INS.vhd 2018/09/12.19:27:08 P.20131013
EN work/GIAIMA_CASE_INS 1536755279 \
      FL D:/TT_HDL/BAI_304_GIAIMA_24H_2ICHE/GIAIMA_CASE_INS.vhd \
      PB ieee/std_logic_1164 1381692176
AR work/GIAIMA_CASE_INS/Behavioral 1536755280 \
      FL D:/TT_HDL/BAI_304_GIAIMA_24H_2ICHE/GIAIMA_CASE_INS.vhd \
      EN work/GIAIMA_CASE_INS 1536755279
FL D:/TT_HDL/BAI_304_GIAIMA_24H_2ICHE/GIAIMA_IF_INS.vhd 2018/09/12.19:27:49 P.20131013
EN work/GIAIMA_IF_INS 1536755277 \
      FL D:/TT_HDL/BAI_304_GIAIMA_24H_2ICHE/GIAIMA_IF_INS.vhd \
      PB ieee/std_logic_1164 1381692176
AR work/GIAIMA_IF_INS/Behavioral 1536755278 \
      FL D:/TT_HDL/BAI_304_GIAIMA_24H_2ICHE/GIAIMA_IF_INS.vhd \
      EN work/GIAIMA_IF_INS 1536755277
