AR mahoauutien2_42h behavioral D:/TT_HDL/bai311mahoauutien2_24h/MAHOAUUTIEN2_42H.vhd sub00/vhpl05 1536756566
EN mahoauutien2_42h NULL D:/TT_HDL/bai311mahoauutien2_24h/MAHOAUUTIEN2_42H.vhd sub00/vhpl02 1536756565
AR mahoa_conditional_ins behavioral D:/TT_HDL/bai311mahoauutien2_24h/MAHOA_CONDITIONAL_INS.vhd sub00/vhpl04 1536756564
EN mahoa_select_ins NULL D:/TT_HDL/bai311mahoauutien2_24h/MAHOA_SELECT_INS.vhd sub00/vhpl00 1536756561
AR mahoa_select_ins behavioral D:/TT_HDL/bai311mahoauutien2_24h/MAHOA_SELECT_INS.vhd sub00/vhpl01 1536756562
EN mahoa_conditional_ins NULL D:/TT_HDL/bai311mahoauutien2_24h/MAHOA_CONDITIONAL_INS.vhd sub00/vhpl03 1536756563
