V3 11
FL D:/TT_HDL/bai311mahoauutien2_24h/MAHOAUUTIEN2_42H.vhd 2018/09/12.19:49:07 P.20131013
EN work/MAHOAUUTIEN2_42H 1536756565 \
      FL D:/TT_HDL/bai311mahoauutien2_24h/MAHOAUUTIEN2_42H.vhd \
      PB ieee/std_logic_1164 1381692176
AR work/MAHOAUUTIEN2_42H/Behavioral 1536756566 \
      FL D:/TT_HDL/bai311mahoauutien2_24h/MAHOAUUTIEN2_42H.vhd \
      EN work/MAHOAUUTIEN2_42H 1536756565 CP work/MAHOA_SELECT_INS \
      CP work/MAHOA_CONDITIONAL_INS
FL D:/TT_HDL/bai311mahoauutien2_24h/MAHOA_CONDITIONAL_INS.vhd 2018/09/12.19:42:48 P.20131013
EN work/MAHOA_CONDITIONAL_INS 1536756563 \
      FL D:/TT_HDL/bai311mahoauutien2_24h/MAHOA_CONDITIONAL_INS.vhd \
      PB ieee/std_logic_1164 1381692176
AR work/MAHOA_CONDITIONAL_INS/Behavioral 1536756564 \
      FL D:/TT_HDL/bai311mahoauutien2_24h/MAHOA_CONDITIONAL_INS.vhd \
      EN work/MAHOA_CONDITIONAL_INS 1536756563
FL D:/TT_HDL/bai311mahoauutien2_24h/MAHOA_SELECT_INS.vhd 2018/09/12.19:40:37 P.20131013
EN work/MAHOA_SELECT_INS 1536756561 \
      FL D:/TT_HDL/bai311mahoauutien2_24h/MAHOA_SELECT_INS.vhd \
      PB ieee/std_logic_1164 1381692176
AR work/MAHOA_SELECT_INS/Behavioral 1536756562 \
      FL D:/TT_HDL/bai311mahoauutien2_24h/MAHOA_SELECT_INS.vhd \
      EN work/MAHOA_SELECT_INS 1536756561
