AR bai321_dahop_4kenh1bit behavioral D:/TT_HDL/BAI321DAHOP4KENH1BIT/BAI321_DAHOP_4KENH1BIT.vhd sub00/vhpl05 1536757742
AR dahop_conditional_ins behavioral D:/TT_HDL/BAI321DAHOP4KENH1BIT/DAHOP_CONDITIONAL_INS.vhd sub00/vhpl03 1536757740
AR dahop_select_ins behavioral D:/TT_HDL/BAI321DAHOP4KENH1BIT/DAHOP_SELECT_INS.vhd sub00/vhpl01 1536757738
EN dahop_select_ins NULL D:/TT_HDL/BAI321DAHOP4KENH1BIT/DAHOP_SELECT_INS.vhd sub00/vhpl00 1536757737
EN dahop_conditional_ins NULL D:/TT_HDL/BAI321DAHOP4KENH1BIT/DAHOP_CONDITIONAL_INS.vhd sub00/vhpl02 1536757739
EN bai321_dahop_4kenh1bit NULL D:/TT_HDL/BAI321DAHOP4KENH1BIT/BAI321_DAHOP_4KENH1BIT.vhd sub00/vhpl04 1536757741
