V3 11
FL D:/TT_HDL/BAI321DAHOP4KENH1BIT/BAI321_DAHOP_4KENH1BIT.vhd 2018/09/12.20:03:32 P.20131013
EN work/BAI321_DAHOP_4KENH1BIT 1536757741 \
      FL D:/TT_HDL/BAI321DAHOP4KENH1BIT/BAI321_DAHOP_4KENH1BIT.vhd \
      PB ieee/std_logic_1164 1381692176
AR work/BAI321_DAHOP_4KENH1BIT/Behavioral 1536757742 \
      FL D:/TT_HDL/BAI321DAHOP4KENH1BIT/BAI321_DAHOP_4KENH1BIT.vhd \
      EN work/BAI321_DAHOP_4KENH1BIT 1536757741 CP work/DAHOP_SELECT_INS \
      CP work/DAHOP_CONDITIONAL_INS
FL D:/TT_HDL/BAI321DAHOP4KENH1BIT/DAHOP_CONDITIONAL_INS.vhd 2018/09/12.20:06:41 P.20131013
EN work/DAHOP_CONDITIONAL_INS 1536757739 \
      FL D:/TT_HDL/BAI321DAHOP4KENH1BIT/DAHOP_CONDITIONAL_INS.vhd \
      PB ieee/std_logic_1164 1381692176
AR work/DAHOP_CONDITIONAL_INS/Behavioral 1536757740 \
      FL D:/TT_HDL/BAI321DAHOP4KENH1BIT/DAHOP_CONDITIONAL_INS.vhd \
      EN work/DAHOP_CONDITIONAL_INS 1536757739
FL D:/TT_HDL/BAI321DAHOP4KENH1BIT/DAHOP_SELECT_INS.vhd 2018/09/12.20:08:49 P.20131013
EN work/DAHOP_SELECT_INS 1536757737 \
      FL D:/TT_HDL/BAI321DAHOP4KENH1BIT/DAHOP_SELECT_INS.vhd \
      PB ieee/std_logic_1164 1381692176
AR work/DAHOP_SELECT_INS/Behavioral 1536757738 \
      FL D:/TT_HDL/BAI321DAHOP4KENH1BIT/DAHOP_SELECT_INS.vhd \
      EN work/DAHOP_SELECT_INS 1536757737
