AR giaima_select_ins_e behavioral D:/TAI_LIEU_HOC/HKVII/TT_HDL/BAI_305_GIAIMA_38_ES/GIAIMA_SELECT_INS_E.vhd sub00/vhpl01 1536204856
EN giaima_38_se NULL D:/TAI_LIEU_HOC/HKVII/TT_HDL/BAI_305_GIAIMA_38_ES/GIAIMA_38_SE.vhd sub00/vhpl02 1536204857
EN giaima_select_ins_e NULL D:/TAI_LIEU_HOC/HKVII/TT_HDL/BAI_305_GIAIMA_38_ES/GIAIMA_SELECT_INS_E.vhd sub00/vhpl00 1536204855
AR giaima_38_se behavioral D:/TAI_LIEU_HOC/HKVII/TT_HDL/BAI_305_GIAIMA_38_ES/GIAIMA_38_SE.vhd sub00/vhpl03 1536204858
