V3 7
FL D:/TAI_LIEU_HOC/HKVII/TT_HDL/BAI_305_GIAIMA_38_ES/GIAIMA_38_SE.vhd 2018/09/06.10:34:10 P.20131013
EN work/GIAIMA_38_SE 1536204857 \
      FL D:/TAI_LIEU_HOC/HKVII/TT_HDL/BAI_305_GIAIMA_38_ES/GIAIMA_38_SE.vhd \
      PB ieee/std_logic_1164 1381692176
AR work/GIAIMA_38_SE/Behavioral 1536204858 \
      FL D:/TAI_LIEU_HOC/HKVII/TT_HDL/BAI_305_GIAIMA_38_ES/GIAIMA_38_SE.vhd \
      EN work/GIAIMA_38_SE 1536204857 CP work/GIAIMA_SELECT_INS_E
FL D:/TAI_LIEU_HOC/HKVII/TT_HDL/BAI_305_GIAIMA_38_ES/GIAIMA_SELECT_INS_E.vhd 2018/09/06.10:27:00 P.20131013
EN work/GIAIMA_SELECT_INS_E 1536204855 \
      FL D:/TAI_LIEU_HOC/HKVII/TT_HDL/BAI_305_GIAIMA_38_ES/GIAIMA_SELECT_INS_E.vhd \
      PB ieee/std_logic_1164 1381692176
AR work/GIAIMA_SELECT_INS_E/Behavioral 1536204856 \
      FL D:/TAI_LIEU_HOC/HKVII/TT_HDL/BAI_305_GIAIMA_38_ES/GIAIMA_SELECT_INS_E.vhd \
      EN work/GIAIMA_SELECT_INS_E 1536204855
