EN giaima_select_ins NULL D:/TAI_LIEU_HOC/HKVII/TT_HDL/BAI_301_GIAIMA2_24H/GIAIMA_SELECT_INS.vhd sub00/vhpl01 1536198300
EN giaima2_24h NULL D:/TAI_LIEU_HOC/HKVII/TT_HDL/BAI_301_GIAIMA2_24H/GIAIMA2_24H.vhd sub00/vhpl00 1536198304
AR giaima_select_ins behavioral D:/TAI_LIEU_HOC/HKVII/TT_HDL/BAI_301_GIAIMA2_24H/GIAIMA_SELECT_INS.vhd sub00/vhpl02 1536198301
EN giaima_conditional_ins NULL D:/TAI_LIEU_HOC/HKVII/TT_HDL/BAI_301_GIAIMA2_24H/GIAIMA_CONDITIONAL_INS.vhd sub00/vhpl03 1536198302
AR giaima_conditional_ins behavioral D:/TAI_LIEU_HOC/HKVII/TT_HDL/BAI_301_GIAIMA2_24H/GIAIMA_CONDITIONAL_INS.vhd sub00/vhpl04 1536198303
AR giaima2_24h behavioral D:/TAI_LIEU_HOC/HKVII/TT_HDL/BAI_301_GIAIMA2_24H/GIAIMA2_24H.vhd sub00/vhpl05 1536198305
