EN giaima_if_ins NULL D:/TAI_LIEU_HOC/HKVII/TT_HDL/BAI_302_GIAIMA_24H_2IC/GIAIMA_IF_INS.vhd sub00/vhpl00 1536199191
AR giaima_case_ins behavioral D:/TAI_LIEU_HOC/HKVII/TT_HDL/BAI_302_GIAIMA_24H_2IC/GIAIMA_CASE_INS.vhd sub00/vhpl04 1536199194
EN giaima_case_ins NULL D:/TAI_LIEU_HOC/HKVII/TT_HDL/BAI_302_GIAIMA_24H_2IC/GIAIMA_CASE_INS.vhd sub00/vhpl03 1536199193
EN giaima_24h_2ic NULL D:/TAI_LIEU_HOC/HKVII/TT_HDL/BAI_302_GIAIMA_24H_2IC/GIAIMA_24H_2IC.vhd sub00/vhpl02 1536199195
AR giaima_if_ins behavioral D:/TAI_LIEU_HOC/HKVII/TT_HDL/BAI_302_GIAIMA_24H_2IC/GIAIMA_IF_INS.vhd sub00/vhpl01 1536199192
AR giaima_24h_2ic behavioral D:/TAI_LIEU_HOC/HKVII/TT_HDL/BAI_302_GIAIMA_24H_2IC/GIAIMA_24H_2IC.vhd sub00/vhpl05 1536199196
