V3 11
FL D:/TAI_LIEU_HOC/HKVII/TT_HDL/BAI_302_GIAIMA_24H_2IC/GIAIMA_24H_2IC.vhd 2018/09/06.08:59:45 P.20131013
EN work/GIAIMA_24H_2IC 1536199195 \
      FL D:/TAI_LIEU_HOC/HKVII/TT_HDL/BAI_302_GIAIMA_24H_2IC/GIAIMA_24H_2IC.vhd \
      PB ieee/std_logic_1164 1381692176
AR work/GIAIMA_24H_2IC/Behavioral 1536199196 \
      FL D:/TAI_LIEU_HOC/HKVII/TT_HDL/BAI_302_GIAIMA_24H_2IC/GIAIMA_24H_2IC.vhd \
      EN work/GIAIMA_24H_2IC 1536199195 CP work/GIAIMA_IF_INS \
      CP work/GIAIMA_CASE_INS
FL D:/TAI_LIEU_HOC/HKVII/TT_HDL/BAI_302_GIAIMA_24H_2IC/GIAIMA_CASE_INS.vhd 2018/09/06.08:56:39 P.20131013
EN work/GIAIMA_CASE_INS 1536199193 \
      FL D:/TAI_LIEU_HOC/HKVII/TT_HDL/BAI_302_GIAIMA_24H_2IC/GIAIMA_CASE_INS.vhd \
      PB ieee/std_logic_1164 1381692176
AR work/GIAIMA_CASE_INS/Behavioral 1536199194 \
      FL D:/TAI_LIEU_HOC/HKVII/TT_HDL/BAI_302_GIAIMA_24H_2IC/GIAIMA_CASE_INS.vhd \
      EN work/GIAIMA_CASE_INS 1536199193
FL D:/TAI_LIEU_HOC/HKVII/TT_HDL/BAI_302_GIAIMA_24H_2IC/GIAIMA_IF_INS.vhd 2018/09/06.08:58:11 P.20131013
EN work/GIAIMA_IF_INS 1536199191 \
      FL D:/TAI_LIEU_HOC/HKVII/TT_HDL/BAI_302_GIAIMA_24H_2IC/GIAIMA_IF_INS.vhd \
      PB ieee/std_logic_1164 1381692176
AR work/GIAIMA_IF_INS/Behavioral 1536199192 \
      FL D:/TAI_LIEU_HOC/HKVII/TT_HDL/BAI_302_GIAIMA_24H_2IC/GIAIMA_IF_INS.vhd \
      EN work/GIAIMA_IF_INS 1536199191
