EN giaima_select_ins NULL D:/TAI_LIEU_HOC/HKVII/TT_HDL/BAI_301_GIAIMA2_24H/GIAIMA_SELECT_INS.vhd sub00/vhpl01 1536198300
AR giaima_select_ins_e behavioral D:/TAI_LIEU_HOC/HKVII/TT_HDL/BAI_303_GIAIMA2_24HE/GIAIMA_SELECT_INS.vhd sub00/vhpl08 1536203356
EN giaima2_24h NULL D:/TAI_LIEU_HOC/HKVII/TT_HDL/BAI_301_GIAIMA2_24H/GIAIMA2_24H.vhd sub00/vhpl00 1536198304
AR giaima_conditional_ins_e behavioral D:/TAI_LIEU_HOC/HKVII/TT_HDL/BAI_303_GIAIMA2_24HE/GIAIMA_CONDITIONAL_INS.vhd sub00/vhpl10 1536203358
EN giaima2_24he NULL D:/TAI_LIEU_HOC/HKVII/TT_HDL/BAI_303_GIAIMA2_24HE/GIAIMA2_24H.vhd sub00/vhpl06 1536203359
AR giaima_select_ins behavioral D:/TAI_LIEU_HOC/HKVII/TT_HDL/BAI_301_GIAIMA2_24H/GIAIMA_SELECT_INS.vhd sub00/vhpl02 1536198301
AR giaima2_24he behavioral D:/TAI_LIEU_HOC/HKVII/TT_HDL/BAI_303_GIAIMA2_24HE/GIAIMA2_24H.vhd sub00/vhpl11 1536203360
EN giaima_conditional_ins NULL D:/TAI_LIEU_HOC/HKVII/TT_HDL/BAI_301_GIAIMA2_24H/GIAIMA_CONDITIONAL_INS.vhd sub00/vhpl03 1536198302
EN giaima_select_ins_e NULL D:/TAI_LIEU_HOC/HKVII/TT_HDL/BAI_303_GIAIMA2_24HE/GIAIMA_SELECT_INS.vhd sub00/vhpl07 1536203355
AR giaima_conditional_ins behavioral D:/TAI_LIEU_HOC/HKVII/TT_HDL/BAI_301_GIAIMA2_24H/GIAIMA_CONDITIONAL_INS.vhd sub00/vhpl04 1536198303
EN giaima_conditional_ins_e NULL D:/TAI_LIEU_HOC/HKVII/TT_HDL/BAI_303_GIAIMA2_24HE/GIAIMA_CONDITIONAL_INS.vhd sub00/vhpl09 1536203357
AR giaima2_24h behavioral D:/TAI_LIEU_HOC/HKVII/TT_HDL/BAI_301_GIAIMA2_24H/GIAIMA2_24H.vhd sub00/vhpl05 1536198305
