V3 25
FL D:/TAI_LIEU_HOC/HKVI/HDL/BAITAP/BAI_301_GIAIMA2_24H/GIAIMA2_24H.vhd 2018/08/30.11:10:57 P.20131013
FL D:/TAI_LIEU_HOC/HKVI/HDL/BAITAP/BAI_301_GIAIMA2_24H/GIAIMA_CONDITIONAL_INS.vhd 2018/08/30.11:07:41 P.20131013
FL D:/TAI_LIEU_HOC/HKVI/HDL/BAITAP/BAI_301_GIAIMA2_24H/GIAIMA_SELECT_INS.vhd 2018/08/30.11:07:06 P.20131013
FL D:/TAI_LIEU_HOC/HKVII/TT_HDL/BAI_301_GIAIMA2_24H/GIAIMA2_24H.vhd 2018/08/30.11:10:57 P.20131013
EN work/GIAIMA2_24H 1536198304 \
      FL D:/TAI_LIEU_HOC/HKVII/TT_HDL/BAI_301_GIAIMA2_24H/GIAIMA2_24H.vhd \
      PB ieee/std_logic_1164 1381692176
AR work/GIAIMA2_24H/Behavioral 1536198305 \
      FL D:/TAI_LIEU_HOC/HKVII/TT_HDL/BAI_301_GIAIMA2_24H/GIAIMA2_24H.vhd \
      EN work/GIAIMA2_24H 1536198304 CP work/GIAIMA_SELECT_INS \
      CP work/GIAIMA_CONDITIONAL_INS
FL D:/TAI_LIEU_HOC/HKVII/TT_HDL/BAI_301_GIAIMA2_24H/GIAIMA_CONDITIONAL_INS.vhd 2018/08/30.11:07:41 P.20131013
EN work/GIAIMA_CONDITIONAL_INS 1536198302 \
      FL D:/TAI_LIEU_HOC/HKVII/TT_HDL/BAI_301_GIAIMA2_24H/GIAIMA_CONDITIONAL_INS.vhd \
      PB ieee/std_logic_1164 1381692176
AR work/GIAIMA_CONDITIONAL_INS/Behavioral 1536198303 \
      FL D:/TAI_LIEU_HOC/HKVII/TT_HDL/BAI_301_GIAIMA2_24H/GIAIMA_CONDITIONAL_INS.vhd \
      EN work/GIAIMA_CONDITIONAL_INS 1536198302
FL D:/TAI_LIEU_HOC/HKVII/TT_HDL/BAI_301_GIAIMA2_24H/GIAIMA_SELECT_INS.vhd 2018/08/30.11:07:06 P.20131013
EN work/GIAIMA_SELECT_INS 1536198300 \
      FL D:/TAI_LIEU_HOC/HKVII/TT_HDL/BAI_301_GIAIMA2_24H/GIAIMA_SELECT_INS.vhd \
      PB ieee/std_logic_1164 1381692176
AR work/GIAIMA_SELECT_INS/Behavioral 1536198301 \
      FL D:/TAI_LIEU_HOC/HKVII/TT_HDL/BAI_301_GIAIMA2_24H/GIAIMA_SELECT_INS.vhd \
      EN work/GIAIMA_SELECT_INS 1536198300
FL D:/TAI_LIEU_HOC/HKVII/TT_HDL/BAI_303_GIAIMA2_24HE/GIAIMA2_24H.vhd 2018/09/06.10:09:06 P.20131013
EN work/GIAIMA2_24HE 1536203359 \
      FL D:/TAI_LIEU_HOC/HKVII/TT_HDL/BAI_303_GIAIMA2_24HE/GIAIMA2_24H.vhd \
      PB ieee/std_logic_1164 1381692176
AR work/GIAIMA2_24HE/Behavioral 1536203360 \
      FL D:/TAI_LIEU_HOC/HKVII/TT_HDL/BAI_303_GIAIMA2_24HE/GIAIMA2_24H.vhd \
      EN work/GIAIMA2_24HE 1536203359 CP work/GIAIMA_SELECT_INS_E \
      CP work/GIAIMA_CONDITIONAL_INS_E
FL D:/TAI_LIEU_HOC/HKVII/TT_HDL/BAI_303_GIAIMA2_24HE/GIAIMA_CONDITIONAL_INS.vhd 2018/09/06.09:42:36 P.20131013
EN work/GIAIMA_CONDITIONAL_INS_E 1536203357 \
      FL D:/TAI_LIEU_HOC/HKVII/TT_HDL/BAI_303_GIAIMA2_24HE/GIAIMA_CONDITIONAL_INS.vhd \
      PB ieee/std_logic_1164 1381692176
AR work/GIAIMA_CONDITIONAL_INS_E/Behavioral 1536203358 \
      FL D:/TAI_LIEU_HOC/HKVII/TT_HDL/BAI_303_GIAIMA2_24HE/GIAIMA_CONDITIONAL_INS.vhd \
      EN work/GIAIMA_CONDITIONAL_INS_E 1536203357
FL D:/TAI_LIEU_HOC/HKVII/TT_HDL/BAI_303_GIAIMA2_24HE/GIAIMA_SELECT_INS.vhd 2018/09/06.09:43:13 P.20131013
EN work/GIAIMA_SELECT_INS_E 1536203355 \
      FL D:/TAI_LIEU_HOC/HKVII/TT_HDL/BAI_303_GIAIMA2_24HE/GIAIMA_SELECT_INS.vhd \
      PB ieee/std_logic_1164 1381692176
AR work/GIAIMA_SELECT_INS_E/Behavioral 1536203356 \
      FL D:/TAI_LIEU_HOC/HKVII/TT_HDL/BAI_303_GIAIMA2_24HE/GIAIMA_SELECT_INS.vhd \
      EN work/GIAIMA_SELECT_INS_E 1536203355
